[     157ms] ReferenceError: langChunkLoadingGlobal is not defined
    at https://vk.ru/js/langs/pageCommunityPage.ed7d78f59d424220.js:1:1
[    1032ms] [ERROR] .reset in derived store is deprecated, use .reset in store created via createStore instead @ https://st1-21.vk.ru/dist/projects/vk-web/entrypoints/55418.b0cc92d9.js:0
[    1641ms] [LOG] [0.007]  common module enabled @ https://st1-21.vk.ru/dist/projects/vk-web/entrypoints/55418.b0cc92d9.js:0
[    1791ms] [WARNING] adhoc tasks must be groupable @ https://st1-21.vk.ru/dist/projects/vk-web/entrypoints/55418.b0cc92d9.js:0
[    1977ms] [ERROR] m: Api request failed.
    at f (https://st1-21.vk.ru/dist/projects/vk-web/entrypoints/core_spa.34cfc73e.js:1:585531)
    at je.loadPrefetchCache (https://st1-21.vk.ru/dist/projects/vk-web/entrypoints/core_spa.34cfc73e.js:1:712980)
    at r.getMembers (https://st1-21.vk.ru/dist/projects/vk-web/entrypoints/core_spa.34cfc73e.js:1:2012766)
    at async d.fetchGroupsMembersById (https://st1-21.vk.ru/dist/projects/vk-web/chunks/js/44402.47e5fd64.js:1:195870)
    at async d.ensureFetch (https://st1-21.vk.ru/dist/projects/vk-web/chunks/js/44402.47e5fd64.js:1:195717)
    at async [init] (https://st1-21.vk.ru/dist/projects/vk-web/chunks/js/pageCommunityPage.b5a11db9.js:1:156984)
    at async https://st1-21.vk.ru/dist/projects/vk-web/entrypoints/core_spa.34cfc73e.js:1:1854439 @ https://st1-21.vk.ru/dist/projects/vk-web/entrypoints/55418.b0cc92d9.js:0
[    1978ms] [ERROR] m: Api request failed.
    at f (https://st1-21.vk.ru/dist/projects/vk-web/entrypoints/core_spa.34cfc73e.js:1:585531)
    at je.loadPrefetchCache (https://st1-21.vk.ru/dist/projects/vk-web/entrypoints/core_spa.34cfc73e.js:1:712980)
    at r.getMembers (https://st1-21.vk.ru/dist/projects/vk-web/entrypoints/core_spa.34cfc73e.js:1:2012766)
    at async d.fetchGroupsMembersById (https://st1-21.vk.ru/dist/projects/vk-web/chunks/js/44402.47e5fd64.js:1:195870)
    at async d.ensureFetch (https://st1-21.vk.ru/dist/projects/vk-web/chunks/js/44402.47e5fd64.js:1:195717)
    at async Promise.all (index 2)
    at async ps.ensureMembers (https://st1-21.vk.ru/dist/projects/vk-web/chunks/js/pageCommunityPage.b5a11db9.js:1:168495) @ https://st1-21.vk.ru/dist/projects/vk-web/entrypoints/55418.b0cc92d9.js:0
[    2030ms] Uncaught (in promise) Error: Api request failed.
    at f (https://st1-21.vk.ru/dist/projects/vk-web/entrypoints/core_spa.34cfc73e.js:0:585530)
    at loadPrefetchCache (https://st1-21.vk.ru/dist/projects/vk-web/entrypoints/core_spa.34cfc73e.js:0:712979)
    at <anonymous> (https://st1-21.vk.ru/dist/projects/vk-web/entrypoints/core_spa.34cfc73e.js:0:2012765)
[    2030ms] Uncaught (in promise) Error: Api request failed.
    at f (https://st1-21.vk.ru/dist/projects/vk-web/entrypoints/core_spa.34cfc73e.js:0:585530)
    at loadPrefetchCache (https://st1-21.vk.ru/dist/projects/vk-web/entrypoints/core_spa.34cfc73e.js:0:712979)
    at <anonymous> (https://st1-21.vk.ru/dist/projects/vk-web/entrypoints/core_spa.34cfc73e.js:0:2012765)
[    2917ms] Uncaught (in promise) Error: Api request failed
    at p (https://st1-21.vk.ru/dist/projects/vk-web/entrypoints/14519.8167386a.js:0:21411)
    at _ (https://st1-21.vk.ru/dist/projects/vk-web/entrypoints/14519.8167386a.js:0:13862)
[    3248ms] [ERROR] Failed to load resource: the server responded with a status of 403 () @ https://stats.vk-portal.net/:0
[    3990ms] [ERROR] Failed to load resource: net::ERR_CERT_AUTHORITY_INVALID @ https://mincifry-cert.vk.ru/:0
[    4220ms] [LOG] ready_window @ https://st1-21.vk.ru/dist/projects/vk-web/entrypoints/55418.b0cc92d9.js:0
[    5724ms] [ERROR] Failed to load resource: the server responded with a status of 403 () @ https://stats.vk-portal.net/:0
