[    7331ms] [ERROR] Failed to load resource: net::ERR_CONNECTION_TIMED_OUT @ https://yastatic.net/s3/web4static/_/v2/static/media/AppFavicon-Icon_size64_ru.0ca38ff5.png:0
[   25271ms] [ERROR] Failed to load resource: net::ERR_HTTP2_PROTOCOL_ERROR @ https://cdn.advertronic.io/pxb/60dd498d-b260-4ddd-840f-f402209dc7fa/14228_ka_d_all_side2_s_notru_V1/?r=1788659645974:0
[   25271ms] [ERROR] Failed to load resource: net::ERR_HTTP2_PROTOCOL_ERROR @ https://cdn.advertronic.io/pxs/60dd498d-b260-4ddd-840f-f402209dc7fa/ka_d_all_side2_notru/?r=1789395543267:0
[   25272ms] [ERROR] Failed to load resource: net::ERR_HTTP2_PROTOCOL_ERROR @ https://cdn.advertronic.io/pxb/60dd498d-b260-4ddd-840f-f402209dc7fa/14230_ka_d_all_side3_s_notru_V2/?r=1787421174618:0
[   25272ms] [ERROR] Failed to load resource: net::ERR_HTTP2_PROTOCOL_ERROR @ https://cdn.advertronic.io/pxs/60dd498d-b260-4ddd-840f-f402209dc7fa/ka_d_all_side3_notru/?r=1789640756683:0
[   25275ms] [ERROR] Failed to load resource: net::ERR_HTTP2_PROTOCOL_ERROR @ https://cdn.advertronic.io/pxs/60dd498d-b260-4ddd-840f-f402209dc7fa/ka_notification/?r=1793016985018:0
[   25277ms] [ERROR] Failed to load resource: net::ERR_HTTP2_PROTOCOL_ERROR @ https://cdn.advertronic.io/pxs/60dd498d-b260-4ddd-840f-f402209dc7fa/ka_d_all_side2_s_notru/?r=1792158726539:0
[   25278ms] [ERROR] Failed to load resource: net::ERR_HTTP2_PROTOCOL_ERROR @ https://cdn.advertronic.io/pxs/60dd498d-b260-4ddd-840f-f402209dc7fa/ka_d_all_side2_s_notru/?r=1788886189738:0
[   25278ms] [ERROR] Failed to load resource: net::ERR_HTTP2_PROTOCOL_ERROR @ https://cdn.advertronic.io/pxs/60dd498d-b260-4ddd-840f-f402209dc7fa/ka_d_all_side3_s_notru/?r=1794055844222:0
[   25278ms] [ERROR] Failed to load resource: net::ERR_HTTP2_PROTOCOL_ERROR @ https://cdn.advertronic.io/pxs/60dd498d-b260-4ddd-840f-f402209dc7fa/ka_d_all_side3_s_notru/?r=1786988597689:0
[   25278ms] [ERROR] Failed to load resource: net::ERR_HTTP2_PROTOCOL_ERROR @ https://cdn.advertronic.io/pxb/60dd498d-b260-4ddd-840f-f402209dc7fa/14223_ka_d_all_bottom_s_notru_V1/?r=1792156900526:0
[   25278ms] [ERROR] Failed to load resource: net::ERR_HTTP2_PROTOCOL_ERROR @ https://cdn.advertronic.io/pxs/60dd498d-b260-4ddd-840f-f402209dc7fa/ka_d_all_bottom_notru/?r=1788859349106:0
[   25278ms] [ERROR] Failed to load resource: net::ERR_HTTP2_PROTOCOL_ERROR @ https://cdn.advertronic.io/pxb/60dd498d-b260-4ddd-840f-f402209dc7fa/14226_ka_d_all_middle_s_notru_V2/?r=1787753110175:0
[   25278ms] [ERROR] Failed to load resource: net::ERR_HTTP2_PROTOCOL_ERROR @ https://cdn.advertronic.io/pxs/60dd498d-b260-4ddd-840f-f402209dc7fa/ka_d_all_middle_notru/?r=1795176350422:0
[   25278ms] [ERROR] Failed to load resource: net::ERR_HTTP2_PROTOCOL_ERROR @ https://cdn.advertronic.io/pxs/60dd498d-b260-4ddd-840f-f402209dc7fa/ka_d_all_bottom_s_notru/?r=1794979763797:0
[   25278ms] [ERROR] Failed to load resource: net::ERR_HTTP2_PROTOCOL_ERROR @ https://cdn.advertronic.io/pxs/60dd498d-b260-4ddd-840f-f402209dc7fa/ka_d_all_bottom_s_notru/?r=1791464545874:0
[   25278ms] [ERROR] Failed to load resource: net::ERR_HTTP2_PROTOCOL_ERROR @ https://cdn.advertronic.io/pxs/60dd498d-b260-4ddd-840f-f402209dc7fa/ka_d_all_bottom_s_notru/?r=1792249902792:0
[   25278ms] [ERROR] Failed to load resource: net::ERR_HTTP2_PROTOCOL_ERROR @ https://cdn.advertronic.io/pxs/60dd498d-b260-4ddd-840f-f402209dc7fa/ka_d_all_middle_s_notru/?r=1787475403385:0
[   25278ms] [ERROR] Failed to load resource: net::ERR_HTTP2_PROTOCOL_ERROR @ https://cdn.advertronic.io/pxs/60dd498d-b260-4ddd-840f-f402209dc7fa/ka_d_all_middle_s_notru/?r=1795968187495:0
[   25278ms] [ERROR] Failed to load resource: net::ERR_HTTP2_PROTOCOL_ERROR @ https://cdn.advertronic.io/pxs/60dd498d-b260-4ddd-840f-f402209dc7fa/ka_d_all_middle_s_notru/?r=1788693884476:0
[   25457ms] [ERROR] Failed to load resource: net::ERR_HTTP2_PROTOCOL_ERROR @ https://cdn.advertronic.io/pxb/60dd498d-b260-4ddd-840f-f402209dc7fa/476_ka_notification/?r=1787008322262:0
[   27285ms] [ERROR] Failed to load resource: net::ERR_HTTP2_PROTOCOL_ERROR @ https://cdn.advertronic.io/pxb/60dd498d-b260-4ddd-840f-f402209dc7fa/14192_ka_d_all_side2_s_notru_low/?r=1792506453883:0
[   27285ms] [ERROR] Failed to load resource: net::ERR_HTTP2_PROTOCOL_ERROR @ https://cdn.advertronic.io/pxb/60dd498d-b260-4ddd-840f-f402209dc7fa/14192_ka_d_all_side2_s_notru_low/?r=1790855928911:0
[   27286ms] [ERROR] Failed to load resource: net::ERR_HTTP2_PROTOCOL_ERROR @ https://cdn.advertronic.io/pxb/60dd498d-b260-4ddd-840f-f402209dc7fa/14196_ka_d_all_side3_s_notru_low/?r=1794908519705:0
[   27286ms] [ERROR] Failed to load resource: net::ERR_HTTP2_PROTOCOL_ERROR @ https://cdn.advertronic.io/pxb/60dd498d-b260-4ddd-840f-f402209dc7fa/14196_ka_d_all_side3_s_notru_low/?r=1792768908147:0
[   27286ms] [ERROR] Failed to load resource: net::ERR_HTTP2_PROTOCOL_ERROR @ https://cdn.advertronic.io/pxb/60dd498d-b260-4ddd-840f-f402209dc7fa/14185_ka_d_all_bottom_s_notru_low/?r=1787313858623:0
[   27286ms] [ERROR] Failed to load resource: net::ERR_HTTP2_PROTOCOL_ERROR @ https://cdn.advertronic.io/pxb/60dd498d-b260-4ddd-840f-f402209dc7fa/14185_ka_d_all_bottom_s_notru_low/?r=1790178346434:0
[   27286ms] [ERROR] Failed to load resource: net::ERR_HTTP2_PROTOCOL_ERROR @ https://cdn.advertronic.io/pxb/60dd498d-b260-4ddd-840f-f402209dc7fa/14185_ka_d_all_bottom_s_notru_low/?r=1793421727060:0
[   27286ms] [ERROR] Failed to load resource: net::ERR_HTTP2_PROTOCOL_ERROR @ https://cdn.advertronic.io/pxb/60dd498d-b260-4ddd-840f-f402209dc7fa/14190_ka_d_all_middle_s_notru_low/?r=1790913571565:0
[   27286ms] [ERROR] Failed to load resource: net::ERR_HTTP2_PROTOCOL_ERROR @ https://cdn.advertronic.io/pxb/60dd498d-b260-4ddd-840f-f402209dc7fa/14190_ka_d_all_middle_s_notru_low/?r=1794384675856:0
[   27286ms] [ERROR] Failed to load resource: net::ERR_HTTP2_PROTOCOL_ERROR @ https://cdn.advertronic.io/pxb/60dd498d-b260-4ddd-840f-f402209dc7fa/14190_ka_d_all_middle_s_notru_low/?r=1791331373736:0
