[     381ms] [LOG] JQMIGRATE: Migrate is installed, version 3.4.1 @ https://www.rollingstone.com/wp-includes/js/jquery/jquery-migrate.min.js?ver=3.4.1:1
[    1350ms] [LOG] [Zeta] init: paywall-events module initializing @ https://www.rollingstone.com/_static/??-eJyNzjEOwjAMBdALUaxSQVkQR0EmMSUhcaLYpXB7oioDYyf/wf/pw5I7k1iJFXKYJ8cCOZruPz+xxMTf+hczsksM99kFCxPuvexgg8C0SCBVKq36KGvDbgUCljfCzaRCTfACdU/dtZXAWVNEJdsVCusNjl8CKEIqTXVs6VPFa7z04/k4HMZ+OPkfDkVtqw==:1
[    1350ms] [LOG] [Zeta] init: pmcNewsletterPixel data: {siteId: pmc-rolling-stone, pageUrl: https://www.rollingstone.com/product-recommendatio…ew-day-blu-ray-dvd-release-buy-online-1235603123/, hasUserEmail: false, userId: (none)} @ https://www.rollingstone.com/_static/??-eJyNzjEOwjAMBdALUaxSQVkQR0EmMSUhcaLYpXB7oioDYyf/wf/pw5I7k1iJFXKYJ8cCOZruPz+xxMTf+hczsksM99kFCxPuvexgg8C0SCBVKq36KGvDbgUCljfCzaRCTfACdU/dtZXAWVNEJdsVCusNjl8CKEIqTXVs6VPFa7z04/k4HMZ+OPkfDkVtqw==:1
[    1350ms] [LOG] [Zeta] init: pmcPianoData customVariables: {pmc-page_type: article, pmc-primary-category: RS Recommends, pmc-category: Array(2), pmc-primary-vertical: , pmc-vertical: } @ https://www.rollingstone.com/_static/??-eJyNzjEOwjAMBdALUaxSQVkQR0EmMSUhcaLYpXB7oioDYyf/wf/pw5I7k1iJFXKYJ8cCOZruPz+xxMTf+hczsksM99kFCxPuvexgg8C0SCBVKq36KGvDbgUCljfCzaRCTfACdU/dtZXAWVNEJdsVCusNjl8CKEIqTXVs6VPFa7z04/k4HMZ+OPkfDkVtqw==:1
[    1350ms] [LOG] [Zeta] identifyUserViaPiano: registering Piano init + loginSuccess handlers @ https://www.rollingstone.com/_static/??-eJyNzjEOwjAMBdALUaxSQVkQR0EmMSUhcaLYpXB7oioDYyf/wf/pw5I7k1iJFXKYJ8cCOZruPz+xxMTf+hczsksM99kFCxPuvexgg8C0SCBVKq36KGvDbgUCljfCzaRCTfACdU/dtZXAWVNEJdsVCusNjl8CKEIqTXVs6VPFa7z04/k4HMZ+OPkfDkVtqw==:1
[    1350ms] [LOG] [Zeta] identifyUserViaPhpFallback: no userEmail in pmcNewsletterPixel — skipping @ https://www.rollingstone.com/_static/??-eJyNzjEOwjAMBdALUaxSQVkQR0EmMSUhcaLYpXB7oioDYyf/wf/pw5I7k1iJFXKYJ8cCOZruPz+xxMTf+hczsksM99kFCxPuvexgg8C0SCBVKq36KGvDbgUCljfCzaRCTfACdU/dtZXAWVNEJdsVCusNjl8CKEIqTXVs6VPFa7z04/k4HMZ+OPkfDkVtqw==:1
[    1351ms] [LOG] [Zeta] setupShowOfferHandler: registering Piano showOffer handler @ https://www.rollingstone.com/_static/??-eJyNzjEOwjAMBdALUaxSQVkQR0EmMSUhcaLYpXB7oioDYyf/wf/pw5I7k1iJFXKYJ8cCOZruPz+xxMTf+hczsksM99kFCxPuvexgg8C0SCBVKq36KGvDbgUCljfCzaRCTfACdU/dtZXAWVNEJdsVCusNjl8CKEIqTXVs6VPFa7z04/k4HMZ+OPkfDkVtqw==:1
[    1351ms] [LOG] [Zeta] setupPaywallObserver: watching #piano-paywall for rendered content @ https://www.rollingstone.com/_static/??-eJyNzjEOwjAMBdALUaxSQVkQR0EmMSUhcaLYpXB7oioDYyf/wf/pw5I7k1iJFXKYJ8cCOZruPz+xxMTf+hczsksM99kFCxPuvexgg8C0SCBVKq36KGvDbgUCljfCzaRCTfACdU/dtZXAWVNEJdsVCusNjl8CKEIqTXVs6VPFa7z04/k4HMZ+OPkfDkVtqw==:1
[    1351ms] [LOG] [Zeta] init: setup complete @ https://www.rollingstone.com/_static/??-eJyNzjEOwjAMBdALUaxSQVkQR0EmMSUhcaLYpXB7oioDYyf/wf/pw5I7k1iJFXKYJ8cCOZruPz+xxMTf+hczsksM99kFCxPuvexgg8C0SCBVKq36KGvDbgUCljfCzaRCTfACdU/dtZXAWVNEJdsVCusNjl8CKEIqTXVs6VPFa7z04/k4HMZ+OPkfDkVtqw==:1
[    1422ms] [ERROR] %cP%cM%cC Atlas MG padding: 2px 1px 2px 10px; border-radius: 7px 0 0 7px; background-color: black; color: white; padding: 2px 1px; background-color: black; color: #ed1c24; padding: 2px 10px 2px 1px; border-radius: 0 7px 7px 0; background-color: black; color: white; Error: Time to wait for consent has expired.
    at s (https://ads.blogherads.com/static/chunks/5273.706640d4ed2b7d690a2b.js:2:108700)
    at Y (<anonymous>:1:2216)
    at i (eval at <anonymous> (https://www.rollingstone.com/product-recommendations/lifestyle/spider-man-brand-new-day-blu-ray-dvd-release-buy-online-1235603123/:1:8807), <anonymous>:1:1801) @ https://ads.blogherads.com/static/chunks/5273.706640d4ed2b7d690a2b.js:1
[    1545ms] [LOG] oivt0 undefined @ https://d1mkq4fbm7j30i.cloudfront.net/21/oHS-21.js:5
[    2454ms] [LOG] [Zeta Pixel] Consent Payload: {groupsConsentedTo: Array(5), consentData: Object} @ https://www.rollingstone.com/_static/??-eJyNzjEOwjAMBdALUaxSQVkQR0EmMSUhcaLYpXB7oioDYyf/wf/pw5I7k1iJFXKYJ8cCOZruPz+xxMTf+hczsksM99kFCxPuvexgg8C0SCBVKq36KGvDbgUCljfCzaRCTfACdU/dtZXAWVNEJdsVCusNjl8CKEIqTXVs6VPFa7z04/k4HMZ+OPkfDkVtqw==:1
[    2454ms] [LOG] [Zeta Pixel] GPP Data: undefined @ https://www.rollingstone.com/_static/??-eJyNzjEOwjAMBdALUaxSQVkQR0EmMSUhcaLYpXB7oioDYyf/wf/pw5I7k1iJFXKYJ8cCOZruPz+xxMTf+hczsksM99kFCxPuvexgg8C0SCBVKq36KGvDbgUCljfCzaRCTfACdU/dtZXAWVNEJdsVCusNjl8CKEIqTXVs6VPFa7z04/k4HMZ+OPkfDkVtqw==:1
[    2454ms] [LOG] [Zeta Pixel] TCF Data: s @ https://www.rollingstone.com/_static/??-eJyNzjEOwjAMBdALUaxSQVkQR0EmMSUhcaLYpXB7oioDYyf/wf/pw5I7k1iJFXKYJ8cCOZruPz+xxMTf+hczsksM99kFCxPuvexgg8C0SCBVKq36KGvDbgUCljfCzaRCTfACdU/dtZXAWVNEJdsVCusNjl8CKEIqTXVs6VPFa7z04/k4HMZ+OPkfDkVtqw==:1
[    2454ms] [LOG] [Zeta Pixel] GDPR Extracted: 1 Consent: CQpCEEgQpCEEgAcABBENCsF0AP_gAEPgACiQMwgBICpMQSBBcCB3AIoEAAACwBhAIMAgAAAAAAAAQAIAJAgABAASAAAIACICGAIAIAAAAABAAAAABEAAAIAAIABEAAEAQAACAAAAAAAIAAkACAQAAAAAEAAAAAAAAAQEgAAAAQIAAEwAAiAAAAAAACABAAQAAAAAACACQgEAgAAABAAAEAAAAAAAAAAAAFAEAAABAAAAAAAABAAAAAACAAIAAAAAAAAAEAAAgAAAAAAEgBAAAAAAA3-7v__-bf-___b-__7Z_zM_37_v_foMwABAChEQQBEYCBQAAAEAAAQQBAAAIAgAAAAAAAAQAIAJAgAFAASAAAIAAIAGAAAAAAAAAAAAAAABEAAAIAAIABAAAEAQAAAAAAAAAAAAAAAAAAAAAAAAAAAAAAAAAQEgAAAAAIAAEgAEDAAAAAAACAAAAAAAAAAAAACAgEAgAAAAAAAAAAAAAAAAAAAABAEAQABAAAAAAAABAAAAAACAAAAAAAAAAAAAAAAgAAAAAAAAAAQAAAAAG7NLMFdPEFAnLtZZ4_1hs2ALtS7DqQAA.f_wACHwAAAAA.IMwgBICpMQSBFcCB3AIoEAAASwBhAIMAgAAAAAAAAQAIAJAgAFAASAAAIACICGAIAIAAAAABAAAAABEAAAIAAIABEAAEAQAACAAAAAAAIAAkACAQAAAAAEAAAAAAAAAQEgAAAAQIAAEwAEjAAAAAAACABAAQAAAAAACACQgEAgAAABAAAEAAAAAAAAAAAAFAEAQABAAAAAAAABAAAAAACAAIAAAAAAAAAEAAAgAAAAAAEgBAQAAAAA3__v___ff_________9__-_______4 @ https://www.rollingstone.com/_static/??-eJyNzjEOwjAMBdALUaxSQVkQR0EmMSUhcaLYpXB7oioDYyf/wf/pw5I7k1iJFXKYJ8cCOZruPz+xxMTf+hczsksM99kFCxPuvexgg8C0SCBVKq36KGvDbgUCljfCzaRCTfACdU/dtZXAWVNEJdsVCusNjl8CKEIqTXVs6VPFa7z04/k4HMZ+OPkfDkVtqw==:1
[    2561ms] [LOG] JQMIGRATE: Migrate is installed, version 1.4.1 @ https://cdnjs.cloudflare.com/ajax/libs/jquery-migrate/1.4.1/jquery-migrate.min.js:1
[    2568ms] [LOG] JQMIGRATE: Migrate is installed, version 1.4.1 @ https://cdnjs.cloudflare.com/ajax/libs/jquery-migrate/1.4.1/jquery-migrate.min.js:1
[    2570ms] [LOG] JQMIGRATE: Migrate is installed, version 1.4.1 @ https://cdnjs.cloudflare.com/ajax/libs/jquery-migrate/1.4.1/jquery-migrate.min.js:1
[    2571ms] [LOG] JQMIGRATE: Migrate is installed, version 1.4.1 @ https://cdnjs.cloudflare.com/ajax/libs/jquery-migrate/1.4.1/jquery-migrate.min.js:1
[    2573ms] [LOG] JQMIGRATE: Migrate is installed, version 1.4.1 @ https://cdnjs.cloudflare.com/ajax/libs/jquery-migrate/1.4.1/jquery-migrate.min.js:1
[    2673ms] [LOG] JQMIGRATE: Migrate is installed, version 1.4.1 @ https://cdnjs.cloudflare.com/ajax/libs/jquery-migrate/1.4.1/jquery-migrate.min.js:1
[    2782ms] [LOG] JQMIGRATE: Migrate is installed, version 1.4.1 @ https://cdnjs.cloudflare.com/ajax/libs/jquery-migrate/1.4.1/jquery-migrate.min.js:1
[    3050ms] [INFO] Connecting to 'wss://api.fouanalytics.com/ws/v/45808jk6rt2xpkn3y7j9' violates the following Content Security Policy directive: "default-src data: 'unsafe-inline' 'unsafe-eval' https: blob: http://*.files.wordpress.com wss://www.rollingstone.com". Note that 'connect-src' was not explicitly set, so 'default-src' is used as a fallback. The policy is report-only, so the violation has been logged but no further action has been taken. @ https://api.fouanalytics.com/api/init-45808jk6rt2xpkn3y7j9.js:0
[    3283ms] Unexpected token ','
[    3959ms] [ERROR] Failed to load resource: the server responded with a status of 403 () @ https://rfpx1.com/token?tagKey=534430c6-367b-49f3-84a4-cd64db4e8e29:0
[    3980ms] Unexpected token 'c', "code 4e40c306b59b" is not valid JSON
[    4287ms] [ERROR] Failed to load resource: the server responded with a status of 451 () @ https://idsync.rlcdn.com/395886.gif?partner_uid=3519153520746430470&gdpr=1&gdpr_consent=CQpCEEgQpCEEgAcABBENCsF0AP_gAEPgACiQMwgBICpMQSBBcCB3AIoEAAACwBhAIMAgAAAAAAAAQAIAJAgABAASAAAIACICGAIAIAAAAABAAAAABEAAAIAAIABEAAEAQAACAAAAAAAIAAkACAQAAAAAEAAAAAAAAAQEgAAAAQIAAEwAAiAAAAAAACABAAQAAAAAACACQgEAgAAABAAAEAAAAAAAAAAAAFAEAAABAAAAAAAABAAAAAACAAIAAAAAAAAAEAAAgAAAAAAEgBAAAAAAA3-7v__-bf-___b-__7Z_zM_37_v_foMwABAChEQQBEYCBQAAAEAAAQQBAAAIAgAAAAAAAAQAIAJAgAFAASAAAIAAIAGAAAAAAAAAAAAAAABEAAAIAAIABAAAEAQAAAAAAAAAAAAAAAAAAAAAAAAAAAAAAAAAQEgAAAAAIAAEgAEDAAAAAAACAAAAAAAAAAAAACAgEAgAAAAAAAAAAAAAAAAAAAABAEAQABAAAAAAAABAAAAAACAAAAAAAAAAAAAAAAgAAAAAAAAAAQAAAAAG7NLMFdPEFAnLtZZ4_1hs2ALtS7DqQAA.f_wACHwAAAAA.IMwgBICpMQSBFcCB3AIoEAAASwBhAIMAgAAAAAAAAQAIAJAgAFAASAAAIACICGAIAIAAAAABAAAAABEAAAIAAIABEAAEAQAACAAAAAAAIAAkACAQAAAAAEAAAAAAAAAQEgAAAAQIAAEwAEjAAAAAAACABAAQAAAAAACACQgEAgAAABAAAEAAAAAAAAAAAAFAEAQABAAAAAAAABAAAAAACAAIAAAAAAAAAEAAAgAAAAAAEgBAQAAAAA3__v___ff_________9__-_______4:0
[    4567ms] [ERROR] Failed to load resource: net::ERR_BLOCKED_BY_RESPONSE.NotSameOrigin @ https://pmcuri.report-uri.com/r/d/csp/reportOnly:0
[    4993ms] [LOG] received a request for uspapi @ https://cdn.cookielaw.org/opt-out/otCCPAiab.js:95
[    5702ms] Uncaught (in promise) Error: Deprecated
    at <anonymous> (https://ads.blogherads.com/static/chunks/5273.706640d4ed2b7d690a2b.js:1:101627)
    at api.td_ssc_id (https://www.lightboxcdn.com/vendor/f611bb46-e8d6-4b65-af04-d7801b2011c2/user.js?cb=638368858513248680:810:47)
    at runCustomJsOnDocumentReady (https://www.lightboxcdn.com/vendor/f611bb46-e8d6-4b65-af04-d7801b2011c2/user.js?cb=638368858513248680:832:39)
    at customJsSuperOnDocumentReadyCallback (https://www.lightboxcdn.com/vendor/f611bb46-e8d6-4b65-af04-d7801b2011c2/user.js?cb=638368858513248680:6331:61)
    at initDependentScripts (https://www.lightboxcdn.com/vendor/f611bb46-e8d6-4b65-af04-d7801b2011c2/user.js?cb=638368858513248680:6295:16)
    at analyticsRunAfterIdentify (https://www.lightboxcdn.com/vendor/f611bb46-e8d6-4b65-af04-d7801b2011c2/user.js?cb=638368858513248680:7067:16)
    at success (https://www.lightboxcdn.com/vendor/f611bb46-e8d6-4b65-af04-d7801b2011c2/user.js?cb=638368858513248680:7000:20)
    at i (https://www.lightboxcdn.com/vendor/f611bb46-e8d6-4b65-af04-d7801b2011c2/user.js?cb=638368858513248680:1553:27455)
    at fireWith (https://www.lightboxcdn.com/vendor/f611bb46-e8d6-4b65-af04-d7801b2011c2/user.js?cb=638368858513248680:1553:28219)
    at y (https://www.lightboxcdn.com/vendor/f611bb46-e8d6-4b65-af04-d7801b2011c2/user.js?cb=638368858513248680:1555:22720)
    at b.onload.b.onreadystatechange (https://www.lightboxcdn.com/vendor/f611bb46-e8d6-4b65-af04-d7801b2011c2/user.js?cb=638368858513248680:1555:27967)
[    6633ms] [LOG] fonts loaded load @ https://www.rollingstone.com/_static/??-eJylzEEOgyAQheELlY6ykFXTswiOih0YwoCmty9pumjSXd295OX/4EjKcSwYC5QVAwrsPkEKTmUm8nGRwhGV7rSGUQSLQKqWvIMD7dxK4nHCfN3kAn9YtnqaYBNwHALH08ycW5nGBU9L0m76YRLVxUd5G997rVZUyvzpHe+YlRTvHs9G3MOtN2bojdZDt70AloiIfA==:19
