[    2520ms] [ERROR] Failed to load resource: the server responded with a status of 403 () @ https://kino-bejica.ru/_payload.json?_b=e4241940-f067-4663-acb8-c9ff64665b91:0
[    2542ms] [ERROR] Failed to load resource: the server responded with a status of 403 () @ https://kino-bejica.ru/_payload.json?_b=e4241940-f067-4663-acb8-c9ff64665b91:0
[    2561ms] [ERROR] Failed to load resource: the server responded with a status of 403 () @ https://kino-bejica.ru/_payload.json?_b=e4241940-f067-4663-acb8-c9ff64665b91:0
[   10908ms] [ERROR] Failed to load resource: the server responded with a status of 404 () @ https://cinemabox.getresponse360.pl/script/ga.js?v=2&grid=pBFAEWSpY:0
[  134915ms] [LOG] WCBOX init: 94570834 widget_opened @ https://static-site.cinemabox.team/widget/common-v2/assets/index-B35OCr6c.js:29
[  134915ms] [LOG] WCBOX reachGoal: 94570834 widget_opened {movie: Нет данных, city: Нет данных} @ https://static-site.cinemabox.team/widget/common-v2/assets/index-B35OCr6c.js:29
[  148597ms] [LOG] WCBOX init: 94570834 show_card_opened @ https://static-site.cinemabox.team/widget/common-v2/assets/index-B35OCr6c.js:29
[  148597ms] [LOG] WCBOX reachGoal: 94570834 show_card_opened {movie: Человек-паук: Новый день (2026) / Предсеанс. обсл. Весеннее обострение, city: Брянск} @ https://static-site.cinemabox.team/widget/common-v2/assets/index-B35OCr6c.js:29
[  278952ms] [LOG] WCBOX init: 94570834 widget_opened @ https://static-site.cinemabox.team/widget/common-v2/assets/index-B35OCr6c.js:29
[  278953ms] [LOG] WCBOX reachGoal: 94570834 widget_opened {movie: Человек-паук: Новый день (2026) / Предсеанс. обсл. Весеннее обострение, city: Брянск} @ https://static-site.cinemabox.team/widget/common-v2/assets/index-B35OCr6c.js:29
[  287479ms] [ERROR] Failed to load resource: the server responded with a status of 403 () @ https://kino-bejica.ru/_payload.json?_b=e4241940-f067-4663-acb8-c9ff64665b91:0
[  297539ms] [LOG] WCBOX init: 94570834 widget_opened @ https://static-site.cinemabox.team/widget/common-v2/assets/index-B35OCr6c.js:29
[  297539ms] [LOG] WCBOX reachGoal: 94570834 widget_opened {movie: Человек-паук: Новый день (2026) / Предсеанс. обсл. Весеннее обострение, city: Брянск} @ https://static-site.cinemabox.team/widget/common-v2/assets/index-B35OCr6c.js:29
[  299504ms] [LOG] WCBOX init: 94570834 show_card_opened @ https://static-site.cinemabox.team/widget/common-v2/assets/index-B35OCr6c.js:29
[  299504ms] [LOG] WCBOX reachGoal: 94570834 show_card_opened {movie: Человек-паук: Новый день (2026) / Предсеанс. обсл. Весеннее обострение, city: Брянск} @ https://static-site.cinemabox.team/widget/common-v2/assets/index-B35OCr6c.js:29
[  308640ms] [LOG] WCBOX init: 94570834 widget_opened @ https://static-site.cinemabox.team/widget/common-v2/assets/index-B35OCr6c.js:29
[  308640ms] [LOG] WCBOX reachGoal: 94570834 widget_opened {movie: Человек-паук: Новый день (2026) / Предсеанс. обсл. Весеннее обострение, city: Брянск} @ https://static-site.cinemabox.team/widget/common-v2/assets/index-B35OCr6c.js:29
[  309967ms] [LOG] WCBOX init: 94570834 show_card_opened @ https://static-site.cinemabox.team/widget/common-v2/assets/index-B35OCr6c.js:29
[  309967ms] [LOG] WCBOX reachGoal: 94570834 show_card_opened {movie: Человек-паук: Новый день (2026) / Предсеанс. обсл. Весеннее обострение, city: Брянск} @ https://static-site.cinemabox.team/widget/common-v2/assets/index-B35OCr6c.js:29
[  492915ms] [LOG] WCBOX init: 94570834 widget_opened @ https://static-site.cinemabox.team/widget/common-v2/assets/index-B35OCr6c.js:29
[  492915ms] [LOG] WCBOX reachGoal: 94570834 widget_opened {movie: Человек-паук: Новый день (2026) / Предсеанс. обсл. Весеннее обострение, city: Брянск} @ https://static-site.cinemabox.team/widget/common-v2/assets/index-B35OCr6c.js:29
[  504880ms] [LOG] WCBOX init: 94570834 show_card_opened @ https://static-site.cinemabox.team/widget/common-v2/assets/index-B35OCr6c.js:29
[  504880ms] [LOG] WCBOX reachGoal: 94570834 show_card_opened {movie: Человек-паук: Новый день (2026) / Предсеанс. обсл. Весеннее обострение, city: Брянск} @ https://static-site.cinemabox.team/widget/common-v2/assets/index-B35OCr6c.js:29
[  510831ms] [LOG] WCBOX init: 94570834 show_card_opened @ https://static-site.cinemabox.team/widget/common-v2/assets/index-B35OCr6c.js:29
[  510831ms] [LOG] WCBOX reachGoal: 94570834 show_card_opened {movie: Человек-паук: Новый день (2026) / Предсеанс. обсл. Весеннее обострение, city: Брянск} @ https://static-site.cinemabox.team/widget/common-v2/assets/index-B35OCr6c.js:29
[  793134ms] [ERROR] Failed to load resource: net::ERR_CONNECTION_RESET @ https://media.cinemabox.team/net/panorama/movies/1000000000164/poster-ochen-strashnoe-kino-6-predseans-obsl-sonata.jpg:0
[  793137ms] [ERROR] Failed to load resource: net::ERR_CONNECTION_RESET @ https://media.cinemabox.team/mds/movies/14392/animated-poster-es-molis-xudei.webm:0
[  793137ms] [ERROR] Failed to load resource: net::ERR_CONNECTION_RESET @ https://media.cinemabox.team/mds/movies/11002/animated-poster-xolop-3.webm:0
[  793137ms] [ERROR] Failed to load resource: net::ERR_CONNECTION_RESET @ https://media.cinemabox.team/mds/movies/14687/animated-poster-demonolog.webm:0
[  793137ms] [ERROR] Failed to load resource: net::ERR_CONNECTION_RESET @ https://media.cinemabox.team/mds/movies/14687/poster-demonolog.jpg:0
[  793137ms] [ERROR] Failed to load resource: net::ERR_CONNECTION_RESET @ https://media.cinemabox.team/mds/movies/11002/poster-xolop-3.jpg:0
[ 1055501ms] [LOG] WCBOX init: 94570834 widget_opened @ https://static-site.cinemabox.team/widget/common-v2/assets/index-B35OCr6c.js:29
[ 1055501ms] [LOG] WCBOX reachGoal: 94570834 widget_opened {movie: Человек-паук: Новый день (2026) / Предсеанс. обсл. Весеннее обострение, city: Брянск} @ https://static-site.cinemabox.team/widget/common-v2/assets/index-B35OCr6c.js:29
[ 1057579ms] [LOG] WCBOX init: 94570834 show_card_opened @ https://static-site.cinemabox.team/widget/common-v2/assets/index-B35OCr6c.js:29
[ 1057579ms] [LOG] WCBOX reachGoal: 94570834 show_card_opened {movie: Человек-паук: Новый день (2026) / Предсеанс. обсл. Весеннее обострение, city: Брянск} @ https://static-site.cinemabox.team/widget/common-v2/assets/index-B35OCr6c.js:29
[ 1068653ms] [LOG] WCBOX init: 94570834 show_card_opened @ https://static-site.cinemabox.team/widget/common-v2/assets/index-B35OCr6c.js:29
[ 1068653ms] [LOG] WCBOX reachGoal: 94570834 show_card_opened {movie: Человек-паук: Новый день (2026) / Предсеанс. обсл. Весеннее обострение, city: Брянск} @ https://static-site.cinemabox.team/widget/common-v2/assets/index-B35OCr6c.js:29
[ 1072245ms] [LOG] WCBOX init: 94570834 show_card_opened @ https://static-site.cinemabox.team/widget/common-v2/assets/index-B35OCr6c.js:29
[ 1072245ms] [LOG] WCBOX reachGoal: 94570834 show_card_opened {movie: Человек-паук: Новый день (2026) / Предсеанс. обсл. Весеннее обострение, city: Брянск} @ https://static-site.cinemabox.team/widget/common-v2/assets/index-B35OCr6c.js:29
[ 1077312ms] [LOG] WCBOX init: 94570834 show_card_opened @ https://static-site.cinemabox.team/widget/common-v2/assets/index-B35OCr6c.js:29
[ 1077312ms] [LOG] WCBOX reachGoal: 94570834 show_card_opened {movie: Человек-паук: Новый день (2026) / Предсеанс. обсл. Весеннее обострение, city: Брянск} @ https://static-site.cinemabox.team/widget/common-v2/assets/index-B35OCr6c.js:29
[ 1079003ms] [LOG] WCBOX init: 94570834 show_card_opened @ https://static-site.cinemabox.team/widget/common-v2/assets/index-B35OCr6c.js:29
[ 1079003ms] [LOG] WCBOX reachGoal: 94570834 show_card_opened {movie: Человек-паук: Новый день (2026) / Предсеанс. обсл. Весеннее обострение, city: Брянск} @ https://static-site.cinemabox.team/widget/common-v2/assets/index-B35OCr6c.js:29
[ 1081234ms] [LOG] WCBOX init: 94570834 show_card_opened @ https://static-site.cinemabox.team/widget/common-v2/assets/index-B35OCr6c.js:29
[ 1081234ms] [LOG] WCBOX reachGoal: 94570834 show_card_opened {movie: Человек-паук: Новый день (2026) / Предсеанс. обсл. Весеннее обострение, city: Брянск} @ https://static-site.cinemabox.team/widget/common-v2/assets/index-B35OCr6c.js:29
[ 1083253ms] [LOG] WCBOX init: 94570834 show_card_opened @ https://static-site.cinemabox.team/widget/common-v2/assets/index-B35OCr6c.js:29
[ 1083253ms] [LOG] WCBOX reachGoal: 94570834 show_card_opened {movie: Человек-паук: Новый день (2026) / Предсеанс. обсл. Весеннее обострение, city: Брянск} @ https://static-site.cinemabox.team/widget/common-v2/assets/index-B35OCr6c.js:29
[ 1084980ms] [LOG] WCBOX init: 94570834 show_card_opened @ https://static-site.cinemabox.team/widget/common-v2/assets/index-B35OCr6c.js:29
[ 1084980ms] [LOG] WCBOX reachGoal: 94570834 show_card_opened {movie: Человек-паук: Новый день (2026) / Предсеанс. обсл. Весеннее обострение, city: Брянск} @ https://static-site.cinemabox.team/widget/common-v2/assets/index-B35OCr6c.js:29
[ 1087636ms] [LOG] WCBOX init: 94570834 show_card_opened @ https://static-site.cinemabox.team/widget/common-v2/assets/index-B35OCr6c.js:29
[ 1087636ms] [LOG] WCBOX reachGoal: 94570834 show_card_opened {movie: Человек-паук: Новый день (2026) / Предсеанс. обсл. Весеннее обострение, city: Брянск} @ https://static-site.cinemabox.team/widget/common-v2/assets/index-B35OCr6c.js:29
[ 1089271ms] [LOG] WCBOX init: 94570834 show_card_opened @ https://static-site.cinemabox.team/widget/common-v2/assets/index-B35OCr6c.js:29
[ 1089272ms] [LOG] WCBOX reachGoal: 94570834 show_card_opened {movie: Человек-паук: Новый день (2026) / Предсеанс. обсл. Весеннее обострение, city: Брянск} @ https://static-site.cinemabox.team/widget/common-v2/assets/index-B35OCr6c.js:29
[ 1121898ms] [LOG] WCBOX init: 94570834 show_card_opened @ https://static-site.cinemabox.team/widget/common-v2/assets/index-B35OCr6c.js:29
[ 1121898ms] [LOG] WCBOX reachGoal: 94570834 show_card_opened {movie: Человек-паук: Новый день (2026) / Предсеанс. обсл. Весеннее обострение, city: Брянск} @ https://static-site.cinemabox.team/widget/common-v2/assets/index-B35OCr6c.js:29
[ 1434751ms] [LOG] WCBOX init: 94570834 widget_opened @ https://static-site.cinemabox.team/widget/common-v2/assets/index-B35OCr6c.js:29
[ 1434751ms] [LOG] WCBOX reachGoal: 94570834 widget_opened {movie: Человек-паук: Новый день (2026) / Предсеанс. обсл. Весеннее обострение, city: Брянск} @ https://static-site.cinemabox.team/widget/common-v2/assets/index-B35OCr6c.js:29
[ 1436383ms] [LOG] WCBOX init: 94570834 show_card_opened @ https://static-site.cinemabox.team/widget/common-v2/assets/index-B35OCr6c.js:29
[ 1436383ms] [LOG] WCBOX reachGoal: 94570834 show_card_opened {movie: Человек-паук: Новый день (2026) / Предсеанс. обсл. Весеннее обострение, city: Брянск} @ https://static-site.cinemabox.team/widget/common-v2/assets/index-B35OCr6c.js:29
[ 1723646ms] [LOG] WCBOX init: 94570834 show_card_opened @ https://static-site.cinemabox.team/widget/common-v2/assets/index-B35OCr6c.js:29
[ 1723646ms] [LOG] WCBOX reachGoal: 94570834 show_card_opened {movie: Человек-паук: Новый день (2026) / Предсеанс. обсл. Весеннее обострение, city: Брянск} @ https://static-site.cinemabox.team/widget/common-v2/assets/index-B35OCr6c.js:29
[ 1727162ms] [LOG] WCBOX init: 94570834 show_card_opened @ https://static-site.cinemabox.team/widget/common-v2/assets/index-B35OCr6c.js:29
[ 1727162ms] [LOG] WCBOX reachGoal: 94570834 show_card_opened {movie: Человек-паук: Новый день (2026) / Предсеанс. обсл. Весеннее обострение, city: Брянск} @ https://static-site.cinemabox.team/widget/common-v2/assets/index-B35OCr6c.js:29
[ 1729920ms] [LOG] WCBOX init: 94570834 show_card_opened @ https://static-site.cinemabox.team/widget/common-v2/assets/index-B35OCr6c.js:29
[ 1729920ms] [LOG] WCBOX reachGoal: 94570834 show_card_opened {movie: Человек-паук: Новый день (2026) / Предсеанс. обсл. Весеннее обострение, city: Брянск} @ https://static-site.cinemabox.team/widget/common-v2/assets/index-B35OCr6c.js:29
[ 1736583ms] [LOG] WCBOX init: 94570834 show_card_opened @ https://static-site.cinemabox.team/widget/common-v2/assets/index-B35OCr6c.js:29
[ 1736583ms] [LOG] WCBOX reachGoal: 94570834 show_card_opened {movie: Человек-паук: Новый день (2026) / Предсеанс. обсл. Весеннее обострение, city: Брянск} @ https://static-site.cinemabox.team/widget/common-v2/assets/index-B35OCr6c.js:29
[ 1740180ms] [LOG] WCBOX init: 94570834 show_card_opened @ https://static-site.cinemabox.team/widget/common-v2/assets/index-B35OCr6c.js:29
[ 1740180ms] [LOG] WCBOX reachGoal: 94570834 show_card_opened {movie: Человек-паук: Новый день (2026) / Предсеанс. обсл. Весеннее обострение, city: Брянск} @ https://static-site.cinemabox.team/widget/common-v2/assets/index-B35OCr6c.js:29
[ 1748119ms] [LOG] WCBOX init: 94570834 show_card_opened @ https://static-site.cinemabox.team/widget/common-v2/assets/index-B35OCr6c.js:29
[ 1748119ms] [LOG] WCBOX reachGoal: 94570834 show_card_opened {movie: Человек-паук: Новый день (2026) / Предсеанс. обсл. Весеннее обострение, city: Брянск} @ https://static-site.cinemabox.team/widget/common-v2/assets/index-B35OCr6c.js:29
[ 1751901ms] [LOG] WCBOX init: 94570834 show_card_opened @ https://static-site.cinemabox.team/widget/common-v2/assets/index-B35OCr6c.js:29
[ 1751901ms] [LOG] WCBOX reachGoal: 94570834 show_card_opened {movie: Человек-паук: Новый день (2026) / Предсеанс. обсл. Весеннее обострение, city: Брянск} @ https://static-site.cinemabox.team/widget/common-v2/assets/index-B35OCr6c.js:29
[ 1753837ms] [LOG] WCBOX init: 94570834 show_card_opened @ https://static-site.cinemabox.team/widget/common-v2/assets/index-B35OCr6c.js:29
[ 1753837ms] [LOG] WCBOX reachGoal: 94570834 show_card_opened {movie: Человек-паук: Новый день (2026) / Предсеанс. обсл. Весеннее обострение, city: Брянск} @ https://static-site.cinemabox.team/widget/common-v2/assets/index-B35OCr6c.js:29
[ 1755354ms] [LOG] WCBOX init: 94570834 show_card_opened @ https://static-site.cinemabox.team/widget/common-v2/assets/index-B35OCr6c.js:29
[ 1755354ms] [LOG] WCBOX reachGoal: 94570834 show_card_opened {movie: Человек-паук: Новый день (2026) / Предсеанс. обсл. Весеннее обострение, city: Брянск} @ https://static-site.cinemabox.team/widget/common-v2/assets/index-B35OCr6c.js:29
[ 1757725ms] [LOG] WCBOX init: 94570834 show_card_opened @ https://static-site.cinemabox.team/widget/common-v2/assets/index-B35OCr6c.js:29
[ 1757725ms] [LOG] WCBOX reachGoal: 94570834 show_card_opened {movie: Человек-паук: Новый день (2026) / Предсеанс. обсл. Весеннее обострение, city: Брянск} @ https://static-site.cinemabox.team/widget/common-v2/assets/index-B35OCr6c.js:29
[ 1761173ms] [LOG] WCBOX init: 94570834 show_card_opened @ https://static-site.cinemabox.team/widget/common-v2/assets/index-B35OCr6c.js:29
[ 1761173ms] [LOG] WCBOX reachGoal: 94570834 show_card_opened {movie: Человек-паук: Новый день (2026) / Предсеанс. обсл. Весеннее обострение, city: Брянск} @ https://static-site.cinemabox.team/widget/common-v2/assets/index-B35OCr6c.js:29
[ 1762959ms] [LOG] WCBOX init: 94570834 show_card_opened @ https://static-site.cinemabox.team/widget/common-v2/assets/index-B35OCr6c.js:29
[ 1762959ms] [LOG] WCBOX reachGoal: 94570834 show_card_opened {movie: Человек-паук: Новый день (2026) / Предсеанс. обсл. Весеннее обострение, city: Брянск} @ https://static-site.cinemabox.team/widget/common-v2/assets/index-B35OCr6c.js:29
[ 1868874ms] [ERROR] Failed to load resource: the server responded with a status of 422 () @ https://panorama-api.cinemabox.team/api/v1/ext5/orders/1/107733:299728895cf21bf7f8fdf1570555ad8cef9de88270579ff751fcb53d4d3f6f21?key=10ae9bd20A2807B11efC977eD13e05594448f:0
[ 2047393ms] [LOG] WCBOX init: 94570834 widget_payment_started @ https://static-site.cinemabox.team/widget/common-v2/assets/index-B35OCr6c.js:29
[ 2047393ms] [LOG] WCBOX reachGoal: 94570834 widget_payment_started {movie: Человек-паук: Новый день (2026) / Предсеанс. обсл. Весеннее обострение, city: Брянск} @ https://static-site.cinemabox.team/widget/common-v2/assets/index-B35OCr6c.js:29
[ 2048860ms] [ERROR] Failed to load resource: net::ERR_CERT_AUTHORITY_INVALID @ https://hdrc.yandex.net/:0
[ 2051868ms] [WARNING] The resource https://qr.nspk.ru/static/bg.webp was preloaded using link preload but not used within a few seconds from the window's load event. Please make sure it has an appropriate `as` value and it is preloaded intentionally. @ https://qr.nspk.ru/BD10102MMQ0LF06S80I9KDAB95Q6HBNT:0
[ 2056799ms] [LOG] WCBOX init: 94570834 widget_payment_approved @ https://static-site.cinemabox.team/widget/common-v2/assets/index-B35OCr6c.js:29
[ 2056799ms] [LOG] WCBOX reachGoal: 94570834 widget_payment_approved {movie: Человек-паук: Новый день (2026) / Предсеанс. обсл. Весеннее обострение, city: Брянск, num_tickets: 2, sum: 2740} @ https://static-site.cinemabox.team/widget/common-v2/assets/index-B35OCr6c.js:29
[ 2056800ms] [LOG] WCBOX push: 94570834 widget_payment_approved {ecommerce: Object} @ https://static-site.cinemabox.team/widget/common-v2/assets/index-B35OCr6c.js:29
[ 2057326ms] [LOG] WCBOX init: 94570834 widget_payment_successful @ https://static-site.cinemabox.team/widget/common-v2/assets/index-B35OCr6c.js:29
[ 2057326ms] [LOG] WCBOX reachGoal: 94570834 widget_payment_successful {movie: Человек-паук: Новый день (2026) / Предсеанс. обсл. Весеннее обострение, city: Брянск, num_tickets: 2, sum: 2740} @ https://static-site.cinemabox.team/widget/common-v2/assets/index-B35OCr6c.js:29
[ 2057554ms] [ERROR] Failed to load resource: the server responded with a status of 404 () @ https://kino-bejica.ru/movie/null:0
[ 2250198ms] [LOG] WCBOX init: 94570834 widget_opened @ https://static-site.cinemabox.team/widget/common-v2/assets/index-B35OCr6c.js:29
[ 2250198ms] [LOG] WCBOX reachGoal: 94570834 widget_opened {movie: Человек-паук: Новый день (2026) / Предсеанс. обсл. Весеннее обострение, city: Брянск} @ https://static-site.cinemabox.team/widget/common-v2/assets/index-B35OCr6c.js:29
[ 2252054ms] [LOG] WCBOX init: 94570834 show_card_opened @ https://static-site.cinemabox.team/widget/common-v2/assets/index-B35OCr6c.js:29
[ 2252054ms] [LOG] WCBOX reachGoal: 94570834 show_card_opened {movie: Человек-паук: Новый день (2026) / Предсеанс. обсл. Весеннее обострение, city: Брянск} @ https://static-site.cinemabox.team/widget/common-v2/assets/index-B35OCr6c.js:29
[ 2256990ms] [LOG] WCBOX init: 94570834 show_card_opened @ https://static-site.cinemabox.team/widget/common-v2/assets/index-B35OCr6c.js:29
[ 2256990ms] [LOG] WCBOX reachGoal: 94570834 show_card_opened {movie: Человек-паук: Новый день (2026) / Предсеанс. обсл. Весеннее обострение, city: Брянск} @ https://static-site.cinemabox.team/widget/common-v2/assets/index-B35OCr6c.js:29
[ 2262446ms] [LOG] WCBOX init: 94570834 show_card_opened @ https://static-site.cinemabox.team/widget/common-v2/assets/index-B35OCr6c.js:29
[ 2262446ms] [LOG] WCBOX reachGoal: 94570834 show_card_opened {movie: Человек-паук: Новый день (2026) / Предсеанс. обсл. Весеннее обострение, city: Брянск} @ https://static-site.cinemabox.team/widget/common-v2/assets/index-B35OCr6c.js:29
[ 2282209ms] [LOG] WCBOX init: 94570834 show_card_opened @ https://static-site.cinemabox.team/widget/common-v2/assets/index-B35OCr6c.js:29
[ 2282209ms] [LOG] WCBOX reachGoal: 94570834 show_card_opened {movie: Человек-паук: Новый день (2026) / Предсеанс. обсл. Весеннее обострение, city: Брянск} @ https://static-site.cinemabox.team/widget/common-v2/assets/index-B35OCr6c.js:29
[ 2283689ms] [LOG] WCBOX init: 94570834 show_card_opened @ https://static-site.cinemabox.team/widget/common-v2/assets/index-B35OCr6c.js:29
[ 2283689ms] [LOG] WCBOX reachGoal: 94570834 show_card_opened {movie: Человек-паук: Новый день (2026) / Предсеанс. обсл. Весеннее обострение, city: Брянск} @ https://static-site.cinemabox.team/widget/common-v2/assets/index-B35OCr6c.js:29
[ 2301209ms] [LOG] WCBOX init: 94570834 show_card_opened @ https://static-site.cinemabox.team/widget/common-v2/assets/index-B35OCr6c.js:29
[ 2301209ms] [LOG] WCBOX reachGoal: 94570834 show_card_opened {movie: Человек-паук: Новый день (2026) / Предсеанс. обсл. Весеннее обострение, city: Брянск} @ https://static-site.cinemabox.team/widget/common-v2/assets/index-B35OCr6c.js:29
[ 2312393ms] [LOG] WCBOX init: 94570834 show_card_opened @ https://static-site.cinemabox.team/widget/common-v2/assets/index-B35OCr6c.js:29
[ 2312393ms] [LOG] WCBOX reachGoal: 94570834 show_card_opened {movie: Человек-паук: Новый день (2026) / Предсеанс. обсл. Весеннее обострение, city: Брянск} @ https://static-site.cinemabox.team/widget/common-v2/assets/index-B35OCr6c.js:29
[ 2317893ms] [LOG] WCBOX init: 94570834 show_card_opened @ https://static-site.cinemabox.team/widget/common-v2/assets/index-B35OCr6c.js:29
[ 2317894ms] [LOG] WCBOX reachGoal: 94570834 show_card_opened {movie: Человек-паук: Новый день (2026) / Предсеанс. обсл. Весеннее обострение, city: Брянск} @ https://static-site.cinemabox.team/widget/common-v2/assets/index-B35OCr6c.js:29
[ 2325721ms] [LOG] WCBOX init: 94570834 show_card_opened @ https://static-site.cinemabox.team/widget/common-v2/assets/index-B35OCr6c.js:29
[ 2325721ms] [LOG] WCBOX reachGoal: 94570834 show_card_opened {movie: Человек-паук: Новый день (2026) / Предсеанс. обсл. Весеннее обострение, city: Брянск} @ https://static-site.cinemabox.team/widget/common-v2/assets/index-B35OCr6c.js:29
[ 2332007ms] [LOG] WCBOX init: 94570834 show_card_opened @ https://static-site.cinemabox.team/widget/common-v2/assets/index-B35OCr6c.js:29
[ 2332007ms] [LOG] WCBOX reachGoal: 94570834 show_card_opened {movie: Человек-паук: Новый день (2026) / Предсеанс. обсл. Весеннее обострение, city: Брянск} @ https://static-site.cinemabox.team/widget/common-v2/assets/index-B35OCr6c.js:29
[ 2338806ms] [LOG] WCBOX init: 94570834 show_card_opened @ https://static-site.cinemabox.team/widget/common-v2/assets/index-B35OCr6c.js:29
[ 2338806ms] [LOG] WCBOX reachGoal: 94570834 show_card_opened {movie: Человек-паук: Новый день (2026) / Предсеанс. обсл. Весеннее обострение, city: Брянск} @ https://static-site.cinemabox.team/widget/common-v2/assets/index-B35OCr6c.js:29
[ 2345912ms] [LOG] WCBOX init: 94570834 show_card_opened @ https://static-site.cinemabox.team/widget/common-v2/assets/index-B35OCr6c.js:29
[ 2345912ms] [LOG] WCBOX reachGoal: 94570834 show_card_opened {movie: Человек-паук: Новый день (2026) / Предсеанс. обсл. Весеннее обострение, city: Брянск} @ https://static-site.cinemabox.team/widget/common-v2/assets/index-B35OCr6c.js:29
[ 2361396ms] [LOG] WCBOX init: 94570834 show_card_opened @ https://static-site.cinemabox.team/widget/common-v2/assets/index-B35OCr6c.js:29
[ 2361396ms] [LOG] WCBOX reachGoal: 94570834 show_card_opened {movie: Человек-паук: Новый день (2026) / Предсеанс. обсл. Весеннее обострение, city: Брянск} @ https://static-site.cinemabox.team/widget/common-v2/assets/index-B35OCr6c.js:29
[ 2369167ms] [LOG] WCBOX init: 94570834 show_card_opened @ https://static-site.cinemabox.team/widget/common-v2/assets/index-B35OCr6c.js:29
[ 2369167ms] [LOG] WCBOX reachGoal: 94570834 show_card_opened {movie: Человек-паук: Новый день (2026) / Предсеанс. обсл. Весеннее обострение, city: Брянск} @ https://static-site.cinemabox.team/widget/common-v2/assets/index-B35OCr6c.js:29
[ 2397698ms] [LOG] WCBOX init: 94570834 show_card_opened @ https://static-site.cinemabox.team/widget/common-v2/assets/index-B35OCr6c.js:29
[ 2397698ms] [LOG] WCBOX reachGoal: 94570834 show_card_opened {movie: Человек-паук: Новый день (2026) / Предсеанс. обсл. Весеннее обострение, city: Брянск} @ https://static-site.cinemabox.team/widget/common-v2/assets/index-B35OCr6c.js:29
[ 2403883ms] [LOG] WCBOX init: 94570834 show_card_opened @ https://static-site.cinemabox.team/widget/common-v2/assets/index-B35OCr6c.js:29
[ 2403883ms] [LOG] WCBOX reachGoal: 94570834 show_card_opened {movie: Человек-паук: Новый день (2026) / Предсеанс. обсл. Весеннее обострение, city: Брянск} @ https://static-site.cinemabox.team/widget/common-v2/assets/index-B35OCr6c.js:29
[ 2415280ms] [LOG] WCBOX init: 94570834 widget_opened @ https://static-site.cinemabox.team/widget/common-v2/assets/index-B35OCr6c.js:29
[ 2415280ms] [LOG] WCBOX reachGoal: 94570834 widget_opened {movie: Человек-паук: Новый день (2026) / Предсеанс. обсл. Весеннее обострение, city: Брянск} @ https://static-site.cinemabox.team/widget/common-v2/assets/index-B35OCr6c.js:29
[ 2416426ms] [LOG] WCBOX init: 94570834 show_card_opened @ https://static-site.cinemabox.team/widget/common-v2/assets/index-B35OCr6c.js:29
[ 2416427ms] [LOG] WCBOX reachGoal: 94570834 show_card_opened {movie: Человек-паук: Новый день (2026) / Предсеанс. обсл. Весеннее обострение, city: Брянск} @ https://static-site.cinemabox.team/widget/common-v2/assets/index-B35OCr6c.js:29
[ 2420184ms] [LOG] WCBOX init: 94570834 show_card_opened @ https://static-site.cinemabox.team/widget/common-v2/assets/index-B35OCr6c.js:29
[ 2420184ms] [LOG] WCBOX reachGoal: 94570834 show_card_opened {movie: Человек-паук: Новый день (2026) / Предсеанс. обсл. Весеннее обострение, city: Брянск} @ https://static-site.cinemabox.team/widget/common-v2/assets/index-B35OCr6c.js:29
[ 2422164ms] [LOG] WCBOX init: 94570834 show_card_opened @ https://static-site.cinemabox.team/widget/common-v2/assets/index-B35OCr6c.js:29
[ 2422164ms] [LOG] WCBOX reachGoal: 94570834 show_card_opened {movie: Человек-паук: Новый день (2026) / Предсеанс. обсл. Весеннее обострение, city: Брянск} @ https://static-site.cinemabox.team/widget/common-v2/assets/index-B35OCr6c.js:29
[ 2424447ms] [LOG] WCBOX init: 94570834 show_card_opened @ https://static-site.cinemabox.team/widget/common-v2/assets/index-B35OCr6c.js:29
[ 2424448ms] [LOG] WCBOX reachGoal: 94570834 show_card_opened {movie: Человек-паук: Новый день (2026) / Предсеанс. обсл. Весеннее обострение, city: Брянск} @ https://static-site.cinemabox.team/widget/common-v2/assets/index-B35OCr6c.js:29
[ 2427753ms] [LOG] WCBOX init: 94570834 widget_opened @ https://static-site.cinemabox.team/widget/common-v2/assets/index-B35OCr6c.js:29
[ 2427753ms] [LOG] WCBOX reachGoal: 94570834 widget_opened {movie: Человек-паук: Новый день (2026) / Предсеанс. обсл. Весеннее обострение, city: Брянск} @ https://static-site.cinemabox.team/widget/common-v2/assets/index-B35OCr6c.js:29
[ 2429121ms] [LOG] WCBOX init: 94570834 show_card_opened @ https://static-site.cinemabox.team/widget/common-v2/assets/index-B35OCr6c.js:29
[ 2429121ms] [LOG] WCBOX reachGoal: 94570834 show_card_opened {movie: Человек-паук: Новый день (2026) / Предсеанс. обсл. Весеннее обострение, city: Брянск} @ https://static-site.cinemabox.team/widget/common-v2/assets/index-B35OCr6c.js:29
