[       4ms] [LOG] false @ https://www.afisha.ru/bryansk/:38
[    1474ms] [LOG] {FilterMenu: Object, LinkListModel: Object, Widgets: Object, Layout: Object, Seo: Object} @ https://www.afisha.ru/js/2220.9a15856d91f760de6c3d1b6495e12a57de4976f9.2c68baeb2fa8a7077d46.js:0
[   10891ms] [ERROR] Access to script at 'https://ssp.rambler.ru/capirs_async.js' from origin 'https://www.afisha.ru' has been blocked by CORS policy: No 'Access-Control-Allow-Origin' header is present on the requested resource. @ https://www.afisha.ru/bryansk/:0
[   10891ms] [ERROR] Failed to load resource: net::ERR_FAILED @ https://ssp.rambler.ru/capirs_async.js:0
[   11452ms] [LOG] rcm logger disabled @ https://rcmjs.rambler.ru/static/recommender.js:0
[   11452ms] [LOG] rcm sentry auto @ https://rcmjs.rambler.ru/static/recommender.js:0
[   13413ms] [ERROR] Failed to load resource: the server responded with a status of 404 () @ https://an.yandex.ru/mapuid/ramblerssp/?0000106b-dac0-8a06-3b60-8d73ac90a66a:0
[   13557ms] [ERROR] Failed to load resource: net::ERR_CERT_AUTHORITY_INVALID @ https://visor.sberbank.ru/rambler.gif?1757174402&id=000014846A81FC25CFC50001A3BF4803:0
[   16658ms] [ERROR] Access to XMLHttpRequest at 'https://kraken-mdt.rambler.ru/cnt/v2/' from origin 'https://www.afisha.ru' has been blocked by CORS policy: No 'Access-Control-Allow-Origin' header is present on the requested resource. @ https://www.afisha.ru/bryansk/:0
[   16658ms] [ERROR] Failed to load resource: net::ERR_FAILED @ https://kraken-mdt.rambler.ru/cnt/v2/:0
[   16939ms] [ERROR] Access to XMLHttpRequest at 'https://kraken-mdt.rambler.ru/cnt/v2/' from origin 'https://www.afisha.ru' has been blocked by CORS policy: No 'Access-Control-Allow-Origin' header is present on the requested resource. @ https://www.afisha.ru/bryansk/:0
[   16939ms] [ERROR] Failed to load resource: net::ERR_FAILED @ https://kraken-mdt.rambler.ru/cnt/v2/:0
[   17467ms] [ERROR] Access to XMLHttpRequest at 'https://kraken-mdt.rambler.ru/cnt/v2/' from origin 'https://www.afisha.ru' has been blocked by CORS policy: No 'Access-Control-Allow-Origin' header is present on the requested resource. @ https://www.afisha.ru/bryansk/:0
[   17467ms] [ERROR] Failed to load resource: net::ERR_FAILED @ https://kraken-mdt.rambler.ru/cnt/v2/:0
[   18252ms] [ERROR] Access to XMLHttpRequest at 'https://kraken-mdt.rambler.ru/cnt/v2/' from origin 'https://www.afisha.ru' has been blocked by CORS policy: No 'Access-Control-Allow-Origin' header is present on the requested resource. @ https://www.afisha.ru/bryansk/:0
[   18253ms] [ERROR] Failed to load resource: net::ERR_FAILED @ https://kraken-mdt.rambler.ru/cnt/v2/:0
[   19276ms] [ERROR] Access to XMLHttpRequest at 'https://kraken-mdt.rambler.ru/cnt/v2/' from origin 'https://www.afisha.ru' has been blocked by CORS policy: No 'Access-Control-Allow-Origin' header is present on the requested resource. @ https://www.afisha.ru/bryansk/:0
[   19276ms] [ERROR] Failed to load resource: net::ERR_FAILED @ https://kraken-mdt.rambler.ru/cnt/v2/:0
[   20549ms] [ERROR] Access to XMLHttpRequest at 'https://kraken-mdt.rambler.ru/cnt/v2/' from origin 'https://www.afisha.ru' has been blocked by CORS policy: No 'Access-Control-Allow-Origin' header is present on the requested resource. @ https://www.afisha.ru/bryansk/:0
[   20549ms] [ERROR] Failed to load resource: net::ERR_FAILED @ https://kraken-mdt.rambler.ru/cnt/v2/:0
[   21080ms] [ERROR] Failed to load resource: net::ERR_CONNECTION_TIMED_OUT @ https://id.sber.ru/sdk/web/assets/SBSansUI-Regular.woff2:0
[   22075ms] [ERROR] Access to XMLHttpRequest at 'https://kraken-mdt.rambler.ru/cnt/v2/' from origin 'https://www.afisha.ru' has been blocked by CORS policy: No 'Access-Control-Allow-Origin' header is present on the requested resource. @ https://www.afisha.ru/bryansk/:0
[   22075ms] [ERROR] Failed to load resource: net::ERR_FAILED @ https://kraken-mdt.rambler.ru/cnt/v2/:0
[   23397ms] [ERROR] Failed to load resource: net::ERR_CONNECTION_CLOSED @ https://sync.1dmp.io/pixel.gif?cid=6464e806-bc68-4a4f-8893-22ec34eb02f1&pid=957b2d53-9bf9-48fd-95ea-df093901ffcf&uid=8641A04A60B176EF064923D0B407C0E4:0
[   23581ms] [ERROR] Failed to load resource: net::ERR_CERT_AUTHORITY_INVALID @ https://visor.sberbank.ru/get:0
[   30302ms] [ERROR] Failed to load resource: net::ERR_TIMED_OUT @ https://id.sber.ru/sdk/web/config.json:0
[   35238ms] [ERROR] Failed to load resource: net::ERR_NAME_NOT_RESOLVED @ https://tms.dmp.wi-fi.ru/?dmpkit_cid=81460eb5-647b-4d9b-a3e3-7863f294c3da&dmpkit_evid=ab914581-c2bd-45ef-9242-3128c73c48c5&g_adv=rambler&g_cp1=B6E9483642DF17D873B802F239309BCB:0
[   41427ms] [ERROR] Failed to load resource: net::ERR_TIMED_OUT @ https://yandex.ru/ads/system/context.js:0
[   41736ms] [ERROR] Failed to load resource: net::ERR_TIMED_OUT @ https://cdn-s01.rambler.ru/magic/magic.js:0
[   46631ms] [WARNING] The resource https://ssp.rambler.ru/capirs_async.js was preloaded using link preload but not used within a few seconds from the window's load event. Please make sure it has an appropriate `as` value and it is preloaded intentionally. @ https://www.afisha.ru/bryansk/:0
[   46631ms] [WARNING] The resource https://id.sber.ru/sdk/web/assets/SBSansUI-Regular.woff2 was preloaded using link preload but not used within a few seconds from the window's load event. Please make sure it has an appropriate `as` value and it is preloaded intentionally. @ https://www.afisha.ru/bryansk/:0
[   50879ms] [ERROR] Failed to load resource: net::ERR_CONNECTION_RESET @ https://x01.aidata.io/0.gif?pid=RAMBLER&id=4B87212530B3D98DB7BAFEB73D773661:0
[   56633ms] [WARNING] The resource https://ssp.rambler.ru/capirs_async.js was preloaded using link preload but not used within a few seconds from the window's load event. Please make sure it has an appropriate `as` value and it is preloaded intentionally. @ https://www.afisha.ru/bryansk/:0
[   56634ms] [WARNING] The resource https://id.sber.ru/sdk/web/assets/SBSansUI-Regular.woff2 was preloaded using link preload but not used within a few seconds from the window's load event. Please make sure it has an appropriate `as` value and it is preloaded intentionally. @ https://www.afisha.ru/bryansk/:0
[   59781ms] [WARNING] The resource https://ssp.rambler.ru/capirs_async.js was preloaded using link preload but not used within a few seconds from the window's load event. Please make sure it has an appropriate `as` value and it is preloaded intentionally. @ https://www.afisha.ru/bryansk/:0
[   59781ms] [WARNING] The resource https://id.sber.ru/sdk/web/assets/SBSansUI-Regular.woff2 was preloaded using link preload but not used within a few seconds from the window's load event. Please make sure it has an appropriate `as` value and it is preloaded intentionally. @ https://www.afisha.ru/bryansk/:0
[   74630ms] [WARNING] The resource https://ssp.rambler.ru/capirs_async.js was preloaded using link preload but not used within a few seconds from the window's load event. Please make sure it has an appropriate `as` value and it is preloaded intentionally. @ https://www.afisha.ru/bryansk/:0
[   74630ms] [WARNING] The resource https://id.sber.ru/sdk/web/assets/SBSansUI-Regular.woff2 was preloaded using link preload but not used within a few seconds from the window's load event. Please make sure it has an appropriate `as` value and it is preloaded intentionally. @ https://www.afisha.ru/bryansk/:0
[   89650ms] [WARNING] The resource https://ssp.rambler.ru/capirs_async.js was preloaded using link preload but not used within a few seconds from the window's load event. Please make sure it has an appropriate `as` value and it is preloaded intentionally. @ https://www.afisha.ru/bryansk/:0
[   89650ms] [WARNING] The resource https://id.sber.ru/sdk/web/assets/SBSansUI-Regular.woff2 was preloaded using link preload but not used within a few seconds from the window's load event. Please make sure it has an appropriate `as` value and it is preloaded intentionally. @ https://www.afisha.ru/bryansk/:0
[   97132ms] [WARNING] The resource https://ssp.rambler.ru/capirs_async.js was preloaded using link preload but not used within a few seconds from the window's load event. Please make sure it has an appropriate `as` value and it is preloaded intentionally. @ https://www.afisha.ru/bryansk/:0
[   97132ms] [WARNING] The resource https://id.sber.ru/sdk/web/assets/SBSansUI-Regular.woff2 was preloaded using link preload but not used within a few seconds from the window's load event. Please make sure it has an appropriate `as` value and it is preloaded intentionally. @ https://www.afisha.ru/bryansk/:0
[  150721ms] [WARNING] The resource https://ssp.rambler.ru/capirs_async.js was preloaded using link preload but not used within a few seconds from the window's load event. Please make sure it has an appropriate `as` value and it is preloaded intentionally. @ https://www.afisha.ru/bryansk/:0
[  150721ms] [WARNING] The resource https://id.sber.ru/sdk/web/assets/SBSansUI-Regular.woff2 was preloaded using link preload but not used within a few seconds from the window's load event. Please make sure it has an appropriate `as` value and it is preloaded intentionally. @ https://www.afisha.ru/bryansk/:0
[  194658ms] [WARNING] The resource https://ssp.rambler.ru/capirs_async.js was preloaded using link preload but not used within a few seconds from the window's load event. Please make sure it has an appropriate `as` value and it is preloaded intentionally. @ https://www.afisha.ru/bryansk/:0
[  194658ms] [WARNING] The resource https://id.sber.ru/sdk/web/assets/SBSansUI-Regular.woff2 was preloaded using link preload but not used within a few seconds from the window's load event. Please make sure it has an appropriate `as` value and it is preloaded intentionally. @ https://www.afisha.ru/bryansk/:0
[  272646ms] [WARNING] The resource https://ssp.rambler.ru/capirs_async.js was preloaded using link preload but not used within a few seconds from the window's load event. Please make sure it has an appropriate `as` value and it is preloaded intentionally. @ https://www.afisha.ru/bryansk/:0
[  272646ms] [WARNING] The resource https://id.sber.ru/sdk/web/assets/SBSansUI-Regular.woff2 was preloaded using link preload but not used within a few seconds from the window's load event. Please make sure it has an appropriate `as` value and it is preloaded intentionally. @ https://www.afisha.ru/bryansk/:0
[  314827ms] [WARNING] The resource https://ssp.rambler.ru/capirs_async.js was preloaded using link preload but not used within a few seconds from the window's load event. Please make sure it has an appropriate `as` value and it is preloaded intentionally. @ https://www.afisha.ru/bryansk/:0
[  314827ms] [WARNING] The resource https://id.sber.ru/sdk/web/assets/SBSansUI-Regular.woff2 was preloaded using link preload but not used within a few seconds from the window's load event. Please make sure it has an appropriate `as` value and it is preloaded intentionally. @ https://www.afisha.ru/bryansk/:0
[  494782ms] [WARNING] The resource https://ssp.rambler.ru/capirs_async.js was preloaded using link preload but not used within a few seconds from the window's load event. Please make sure it has an appropriate `as` value and it is preloaded intentionally. @ https://www.afisha.ru/bryansk/:0
[  494782ms] [WARNING] The resource https://id.sber.ru/sdk/web/assets/SBSansUI-Regular.woff2 was preloaded using link preload but not used within a few seconds from the window's load event. Please make sure it has an appropriate `as` value and it is preloaded intentionally. @ https://www.afisha.ru/bryansk/:0
[  543792ms] [WARNING] The resource https://ssp.rambler.ru/capirs_async.js was preloaded using link preload but not used within a few seconds from the window's load event. Please make sure it has an appropriate `as` value and it is preloaded intentionally. @ https://www.afisha.ru/bryansk/:0
[  543792ms] [WARNING] The resource https://id.sber.ru/sdk/web/assets/SBSansUI-Regular.woff2 was preloaded using link preload but not used within a few seconds from the window's load event. Please make sure it has an appropriate `as` value and it is preloaded intentionally. @ https://www.afisha.ru/bryansk/:0
[  554613ms] [WARNING] The resource https://ssp.rambler.ru/capirs_async.js was preloaded using link preload but not used within a few seconds from the window's load event. Please make sure it has an appropriate `as` value and it is preloaded intentionally. @ https://www.afisha.ru/bryansk/:0
[  554613ms] [WARNING] The resource https://id.sber.ru/sdk/web/assets/SBSansUI-Regular.woff2 was preloaded using link preload but not used within a few seconds from the window's load event. Please make sure it has an appropriate `as` value and it is preloaded intentionally. @ https://www.afisha.ru/bryansk/:0
[  564496ms] [WARNING] The resource https://ssp.rambler.ru/capirs_async.js was preloaded using link preload but not used within a few seconds from the window's load event. Please make sure it has an appropriate `as` value and it is preloaded intentionally. @ https://www.afisha.ru/bryansk/:0
[  564496ms] [WARNING] The resource https://id.sber.ru/sdk/web/assets/SBSansUI-Regular.woff2 was preloaded using link preload but not used within a few seconds from the window's load event. Please make sure it has an appropriate `as` value and it is preloaded intentionally. @ https://www.afisha.ru/bryansk/:0
[  569865ms] [WARNING] The resource https://ssp.rambler.ru/capirs_async.js was preloaded using link preload but not used within a few seconds from the window's load event. Please make sure it has an appropriate `as` value and it is preloaded intentionally. @ https://www.afisha.ru/bryansk/:0
[  569865ms] [WARNING] The resource https://id.sber.ru/sdk/web/assets/SBSansUI-Regular.woff2 was preloaded using link preload but not used within a few seconds from the window's load event. Please make sure it has an appropriate `as` value and it is preloaded intentionally. @ https://www.afisha.ru/bryansk/:0
[  581505ms] [WARNING] WebSocket connection to 'wss://mc.yandex.ru/solid.ws' failed: WebSocket is closed before the connection is established. @ https://mc.webvisor.org/metrika/tag_ww.js:508
[  614476ms] [WARNING] The resource https://ssp.rambler.ru/capirs_async.js was preloaded using link preload but not used within a few seconds from the window's load event. Please make sure it has an appropriate `as` value and it is preloaded intentionally. @ https://www.afisha.ru/bryansk/:0
[  614476ms] [WARNING] The resource https://id.sber.ru/sdk/web/assets/SBSansUI-Regular.woff2 was preloaded using link preload but not used within a few seconds from the window's load event. Please make sure it has an appropriate `as` value and it is preloaded intentionally. @ https://www.afisha.ru/bryansk/:0
